Collecting altgraph==0.17.5 (from -r requirements.lock (line 3))
  Using cached altgraph-0.17.5-py2.py3-none-any.whl.metadata (7.5 kB)
Collecting defusedxml==0.7.1 (from -r requirements.lock (line 4))
  Using cached defusedxml-0.7.1-py2.py3-none-any.whl.metadata (32 kB)
Collecting iniconfig==2.3.0 (from -r requirements.lock (line 5))
  Using cached iniconfig-2.3.0-py3-none-any.whl.metadata (2.5 kB)
Collecting numpy==2.2.6 (from -r requirements.lock (line 6))
  Using cached numpy-2.2.6-cp312-cp312-win_amd64.whl.metadata (60 kB)
Requirement already satisfied: packaging==26.3 in C:\hostedtoolcache\windows\Python\3.12.10\x64\Lib\site-packages (from -r requirements.lock (line 7)) (26.3)
Collecting pluggy==1.6.0 (from -r requirements.lock (line 8))
  Using cached pluggy-1.6.0-py3-none-any.whl.metadata (4.8 kB)
Collecting pyinstaller==6.12.0 (from -r requirements.lock (line 9))
  Using cached pyinstaller-6.12.0-py3-none-win_amd64.whl.metadata (8.3 kB)
Collecting pyinstaller-hooks-contrib==2025.2 (from -r requirements.lock (line 10))
  Using cached pyinstaller_hooks_contrib-2025.2-py3-none-any.whl.metadata (16 kB)
Collecting PySide6-Essentials==6.8.3 (from -r requirements.lock (line 11))
  Using cached PySide6_Essentials-6.8.3-cp39-abi3-win_amd64.whl.metadata (4.1 kB)
Collecting pytest==9.0.3 (from -r requirements.lock (line 12))
  Using cached pytest-9.0.3-py3-none-any.whl.metadata (7.6 kB)
Collecting pygments==2.21.0 (from -r requirements.lock (line 13))
  Using cached pygments-2.21.0-py3-none-any.whl.metadata (2.5 kB)
Collecting ruff==0.11.6 (from -r requirements.lock (line 14))
  Using cached ruff-0.11.6-py3-none-win_amd64.whl.metadata (26 kB)
Collecting scipy==1.15.3 (from -r requirements.lock (line 15))
  Using cached scipy-1.15.3-cp312-cp312-win_amd64.whl.metadata (60 kB)
Collecting setuptools==84.0.0 (from -r requirements.lock (line 16))
  Using cached setuptools-84.0.0-py3-none-any.whl.metadata (6.6 kB)
Collecting shapely==2.0.7 (from -r requirements.lock (line 17))
  Using cached shapely-2.0.7-cp312-cp312-win_amd64.whl.metadata (7.1 kB)
Collecting shiboken6==6.8.3 (from -r requirements.lock (line 18))
  Using cached shiboken6-6.8.3-cp39-abi3-win_amd64.whl.metadata (2.8 kB)
Collecting svgpathtools==1.7.1 (from -r requirements.lock (line 19))
  Using cached svgpathtools-1.7.1-py2.py3-none-any.whl.metadata (22 kB)
Collecting svgwrite==1.4.3 (from -r requirements.lock (line 20))
  Using cached svgwrite-1.4.3-py3-none-any.whl.metadata (8.8 kB)
Collecting pefile==2023.2.7 (from -r requirements.lock (line 21))
  Using cached pefile-2023.2.7-py3-none-any.whl.metadata (1.4 kB)
Collecting pywin32-ctypes==0.2.3 (from -r requirements.lock (line 22))
  Using cached pywin32_ctypes-0.2.3-py3-none-any.whl.metadata (3.9 kB)
Requirement already satisfied: colorama>=0.4 in C:\hostedtoolcache\windows\Python\3.12.10\x64\Lib\site-packages (from pytest==9.0.3->-r requirements.lock (line 12)) (0.4.6)
Using cached altgraph-0.17.5-py2.py3-none-any.whl (21 kB)
Using cached defusedxml-0.7.1-py2.py3-none-any.whl (25 kB)
Using cached iniconfig-2.3.0-py3-none-any.whl (7.5 kB)
Using cached numpy-2.2.6-cp312-cp312-win_amd64.whl (12.6 MB)
Using cached pluggy-1.6.0-py3-none-any.whl (20 kB)
Using cached pyinstaller-6.12.0-py3-none-win_amd64.whl (1.3 MB)
Using cached pyinstaller_hooks_contrib-2025.2-py3-none-any.whl (351 kB)
Using cached PySide6_Essentials-6.8.3-cp39-abi3-win_amd64.whl (72.2 MB)
Using cached pytest-9.0.3-py3-none-any.whl (375 kB)
Using cached pygments-2.21.0-py3-none-any.whl (1.3 MB)
Using cached ruff-0.11.6-py3-none-win_amd64.whl (11.6 MB)
Using cached scipy-1.15.3-cp312-cp312-win_amd64.whl (41.0 MB)
Using cached setuptools-84.0.0-py3-none-any.whl (818 kB)
Using cached shapely-2.0.7-cp312-cp312-win_amd64.whl (1.4 MB)
Using cached shiboken6-6.8.3-cp39-abi3-win_amd64.whl (1.2 MB)
Using cached svgpathtools-1.7.1-py2.py3-none-any.whl (68 kB)
Using cached svgwrite-1.4.3-py3-none-any.whl (67 kB)
Using cached pefile-2023.2.7-py3-none-any.whl (71 kB)
Using cached pywin32_ctypes-0.2.3-py3-none-any.whl (30 kB)
Installing collected packages: altgraph, svgwrite, shiboken6, setuptools, ruff, pywin32-ctypes, pygments, pluggy, pefile, numpy, iniconfig, defusedxml, shapely, scipy, pytest, PySide6-Essentials, pyinstaller-hooks-contrib, svgpathtools, pyinstaller

Successfully installed PySide6-Essentials-6.8.3 altgraph-0.17.5 defusedxml-0.7.1 iniconfig-2.3.0 numpy-2.2.6 pefile-2023.2.7 pluggy-1.6.0 pygments-2.21.0 pyinstaller-6.12.0 pyinstaller-hooks-contrib-2025.2 pytest-9.0.3 pywin32-ctypes-0.2.3 ruff-0.11.6 scipy-1.15.3 setuptools-84.0.0 shapely-2.0.7 shiboken6-6.8.3 svgpathtools-1.7.1 svgwrite-1.4.3
