251 INFO: PyInstaller: 6.12.0, contrib hooks: 2025.2
251 INFO: Python: 3.12.10
269 INFO: Platform: Windows-2025Server-10.0.26100-SP0
269 INFO: Python environment: C:\hostedtoolcache\windows\Python\3.12.10\x64
271 INFO: wrote D:\a\wraplab\wraplab\artifacts\releases\Windows\packaging\WrapLab.spec
273 INFO: Removing temporary files and cleaning cache in D:\a\wraplab\wraplab\artifacts\releases\Windows\pyinstaller-cache\pyinstaller
273 INFO: Module search paths (PYTHONPATH):
['D:\\a\\wraplab\\wraplab',
 'C:\\hostedtoolcache\\windows\\Python\\3.12.10\\x64\\python312.zip',
 'C:\\hostedtoolcache\\windows\\Python\\3.12.10\\x64\\DLLs',
 'C:\\hostedtoolcache\\windows\\Python\\3.12.10\\x64\\Lib',
 'C:\\hostedtoolcache\\windows\\Python\\3.12.10\\x64',
 'C:\\hostedtoolcache\\windows\\Python\\3.12.10\\x64\\Lib\\site-packages',
 'D:\\a\\wraplab\\wraplab\\src',
 'D:\\a\\wraplab\\wraplab\\scripts',
 'D:\\a\\wraplab\\wraplab\\src']
510 INFO: Appending 'datas' from .spec
510 INFO: checking Analysis
510 INFO: Building Analysis because Analysis-00.toc is non existent
510 INFO: Running Analysis Analysis-00.toc
510 INFO: Target bytecode optimization level: 0
510 INFO: Initializing module dependency graph...
512 INFO: Initializing module graph hook caches...
522 INFO: Analyzing modules for base_library.zip ...
1395 INFO: Processing standard module hook 'hook-encodings.py' from 'C:\\hostedtoolcache\\windows\\Python\\3.12.10\\x64\\Lib\\site-packages\\PyInstaller\\hooks'
2331 INFO: Processing standard module hook 'hook-heapq.py' from 'C:\\hostedtoolcache\\windows\\Python\\3.12.10\\x64\\Lib\\site-packages\\PyInstaller\\hooks'
4540 INFO: Processing standard module hook 'hook-pickle.py' from 'C:\\hostedtoolcache\\windows\\Python\\3.12.10\\x64\\Lib\\site-packages\\PyInstaller\\hooks'
7758 INFO: Caching module dependency graph...
7786 INFO: Looking for Python shared library...
7810 INFO: Using Python shared library: C:\hostedtoolcache\windows\Python\3.12.10\x64\python312.dll
7810 INFO: Analyzing D:\a\wraplab\wraplab\scripts\entrypoint.py
7879 INFO: Processing standard module hook 'hook-platform.py' from 'C:\\hostedtoolcache\\windows\\Python\\3.12.10\\x64\\Lib\\site-packages\\PyInstaller\\hooks'
7918 INFO: Processing standard module hook 'hook-xml.py' from 'C:\\hostedtoolcache\\windows\\Python\\3.12.10\\x64\\Lib\\site-packages\\PyInstaller\\hooks'
7932 INFO: Processing standard module hook 'hook-xml.etree.cElementTree.py' from 'C:\\hostedtoolcache\\windows\\Python\\3.12.10\\x64\\Lib\\site-packages\\PyInstaller\\hooks'
7953 INFO: Processing standard module hook 'hook-sysconfig.py' from 'C:\\hostedtoolcache\\windows\\Python\\3.12.10\\x64\\Lib\\site-packages\\PyInstaller\\hooks'
7964 INFO: Processing standard module hook 'hook-PySide6.py' from 'C:\\hostedtoolcache\\windows\\Python\\3.12.10\\x64\\Lib\\site-packages\\PyInstaller\\hooks'
8085 INFO: Processing standard module hook 'hook-shiboken6.py' from 'C:\\hostedtoolcache\\windows\\Python\\3.12.10\\x64\\Lib\\site-packages\\PyInstaller\\hooks'
8085 INFO: Processing standard module hook 'hook-PySide6.QtCore.py' from 'C:\\hostedtoolcache\\windows\\Python\\3.12.10\\x64\\Lib\\site-packages\\PyInstaller\\hooks'
8402 INFO: Processing standard module hook 'hook-PySide6.QtWidgets.py' from 'C:\\hostedtoolcache\\windows\\Python\\3.12.10\\x64\\Lib\\site-packages\\PyInstaller\\hooks'
8664 INFO: Processing standard module hook 'hook-numpy.py' from 'C:\\hostedtoolcache\\windows\\Python\\3.12.10\\x64\\Lib\\site-packages\\PyInstaller\\hooks'
11230 INFO: Processing standard module hook 'hook-difflib.py' from 'C:\\hostedtoolcache\\windows\\Python\\3.12.10\\x64\\Lib\\site-packages\\PyInstaller\\hooks'
11586 INFO: Processing standard module hook 'hook-multiprocessing.util.py' from 'C:\\hostedtoolcache\\windows\\Python\\3.12.10\\x64\\Lib\\site-packages\\PyInstaller\\hooks'
13265 INFO: Processing standard module hook 'hook-scipy.py' from 'C:\\hostedtoolcache\\windows\\Python\\3.12.10\\x64\\Lib\\site-packages\\PyInstaller\\hooks'
13661 INFO: Processing standard module hook 'hook-scipy.special._ufuncs.py' from 'C:\\hostedtoolcache\\windows\\Python\\3.12.10\\x64\\Lib\\site-packages\\PyInstaller\\hooks'
14106 INFO: Processing standard module hook 'hook-scipy.linalg.py' from 'C:\\hostedtoolcache\\windows\\Python\\3.12.10\\x64\\Lib\\site-packages\\PyInstaller\\hooks'
15294 INFO: Processing standard module hook 'hook-scipy.sparse.csgraph.py' from 'C:\\hostedtoolcache\\windows\\Python\\3.12.10\\x64\\Lib\\site-packages\\PyInstaller\\hooks'
15512 INFO: Processing standard module hook 'hook-scipy.spatial.transform.rotation.py' from 'C:\\hostedtoolcache\\windows\\Python\\3.12.10\\x64\\Lib\\site-packages\\PyInstaller\\hooks'
15864 INFO: Processing standard module hook 'hook-scipy.stats._stats.py' from 'C:\\hostedtoolcache\\windows\\Python\\3.12.10\\x64\\Lib\\site-packages\\PyInstaller\\hooks'
16994 INFO: Processing standard module hook 'hook-scipy.special._ellip_harm_2.py' from 'C:\\hostedtoolcache\\windows\\Python\\3.12.10\\x64\\Lib\\site-packages\\PyInstaller\\hooks'
17399 INFO: Processing standard module hook 'hook-PySide6.QtGui.py' from 'D:\\a\\wraplab\\wraplab\\packaging\\hooks'
17744 INFO: Processing standard module hook 'hook-xml.dom.domreg.py' from 'C:\\hostedtoolcache\\windows\\Python\\3.12.10\\x64\\Lib\\site-packages\\PyInstaller\\hooks'
18289 INFO: Processing standard module hook 'hook-shapely.py' from 'C:\\hostedtoolcache\\windows\\Python\\3.12.10\\x64\\Lib\\site-packages\\_pyinstaller_hooks_contrib\\stdhooks'
18449 INFO: Processing standard module hook 'hook-PySide6.QtSvg.py' from 'C:\\hostedtoolcache\\windows\\Python\\3.12.10\\x64\\Lib\\site-packages\\PyInstaller\\hooks'
18563 INFO: Processing standard module hook 'hook-PySide6.QtSvgWidgets.py' from 'C:\\hostedtoolcache\\windows\\Python\\3.12.10\\x64\\Lib\\site-packages\\PyInstaller\\hooks'
18686 INFO: Processing module hooks (post-graph stage)...
18728 WARNING: Hidden import "scipy.special._cdflib" not found!
18733 INFO: Performing binary vs. data reclassification (126 entries)
18751 INFO: Looking for ctypes DLLs
18827 INFO: Analyzing run-time hooks ...
18831 INFO: Including run-time hook 'pyi_rth_inspect.py' from 'C:\\hostedtoolcache\\windows\\Python\\3.12.10\\x64\\Lib\\site-packages\\PyInstaller\\hooks\\rthooks'
18833 INFO: Including run-time hook 'pyi_rth_pyside6.py' from 'C:\\hostedtoolcache\\windows\\Python\\3.12.10\\x64\\Lib\\site-packages\\PyInstaller\\hooks\\rthooks'
18833 INFO: Processing pre-find-module-path hook 'hook-_pyi_rth_utils.py' from 'C:\\hostedtoolcache\\windows\\Python\\3.12.10\\x64\\Lib\\site-packages\\PyInstaller\\hooks\\pre_find_module_path'
18835 INFO: Processing standard module hook 'hook-_pyi_rth_utils.py' from 'C:\\hostedtoolcache\\windows\\Python\\3.12.10\\x64\\Lib\\site-packages\\PyInstaller\\hooks'
18837 INFO: Including run-time hook 'pyi_rth_pkgutil.py' from 'C:\\hostedtoolcache\\windows\\Python\\3.12.10\\x64\\Lib\\site-packages\\PyInstaller\\hooks\\rthooks'
18839 INFO: Including run-time hook 'pyi_rth_multiprocessing.py' from 'C:\\hostedtoolcache\\windows\\Python\\3.12.10\\x64\\Lib\\site-packages\\PyInstaller\\hooks\\rthooks'
18850 INFO: Creating base_library.zip...
18904 INFO: Looking for dynamic libraries
19641 INFO: Extra DLL search directories (AddDllDirectory): ['C:\\hostedtoolcache\\windows\\Python\\3.12.10\\x64\\Lib\\site-packages\\shiboken6', 'C:\\hostedtoolcache\\windows\\Python\\3.12.10\\x64\\Lib\\site-packages\\numpy.libs', 'C:\\hostedtoolcache\\windows\\Python\\3.12.10\\x64\\Lib\\site-packages\\scipy.libs', 'C:\\hostedtoolcache\\windows\\Python\\3.12.10\\x64\\Lib\\site-packages\\shapely.libs']
19641 INFO: Extra DLL search directories (PATH): ['C:\\hostedtoolcache\\windows\\Python\\3.12.10\\x64\\Lib\\site-packages\\PySide6']
22125 WARNING: Library not found: could not resolve 'api-ms-win-core-path-l1-1-0.dll', dependency of 'C:\\hostedtoolcache\\windows\\Python\\3.12.10\\x64\\python312.dll'.
22125 WARNING: Library not found: could not resolve 'api-ms-win-shcore-scaling-l1-1-1.dll', dependency of 'C:\\hostedtoolcache\\windows\\Python\\3.12.10\\x64\\Lib\\site-packages\\PySide6\\plugins\\platforms\\qwindows.dll'.
22125 WARNING: Library not found: could not resolve 'api-ms-win-core-winrt-string-l1-1-0.dll', dependency of 'C:\\hostedtoolcache\\windows\\Python\\3.12.10\\x64\\Lib\\site-packages\\PySide6\\plugins\\platforms\\qwindows.dll'.
22125 WARNING: Library not found: could not resolve 'api-ms-win-core-winrt-l1-1-0.dll', dependency of 'C:\\hostedtoolcache\\windows\\Python\\3.12.10\\x64\\Lib\\site-packages\\PySide6\\plugins\\platforms\\qwindows.dll'.
22125 WARNING: Library not found: could not resolve 'api-ms-win-shcore-scaling-l1-1-1.dll', dependency of 'C:\\hostedtoolcache\\windows\\Python\\3.12.10\\x64\\Lib\\site-packages\\PySide6\\plugins\\platforms\\qdirect2d.dll'.
22125 WARNING: Library not found: could not resolve 'api-ms-win-core-winrt-string-l1-1-0.dll', dependency of 'C:\\hostedtoolcache\\windows\\Python\\3.12.10\\x64\\Lib\\site-packages\\PySide6\\plugins\\platforms\\qdirect2d.dll'.
22125 WARNING: Library not found: could not resolve 'api-ms-win-core-winrt-l1-1-0.dll', dependency of 'C:\\hostedtoolcache\\windows\\Python\\3.12.10\\x64\\Lib\\site-packages\\PySide6\\plugins\\platforms\\qdirect2d.dll'.
22144 INFO: Warnings written to D:\a\wraplab\wraplab\artifacts\releases\Windows\build\WrapLab\warn-WrapLab.txt
22212 INFO: Graph cross-reference written to D:\a\wraplab\wraplab\artifacts\releases\Windows\build\WrapLab\xref-WrapLab.html
22239 INFO: checking PYZ
22239 INFO: Building PYZ because PYZ-00.toc is non existent
22239 INFO: Building PYZ (ZlibArchive) D:\a\wraplab\wraplab\artifacts\releases\Windows\build\WrapLab\PYZ-00.pyz
23443 INFO: Building PYZ (ZlibArchive) D:\a\wraplab\wraplab\artifacts\releases\Windows\build\WrapLab\PYZ-00.pyz completed successfully.
23480 INFO: checking PKG
23480 INFO: Building PKG because PKG-00.toc is non existent
23480 INFO: Building PKG (CArchive) WrapLab.pkg
23496 INFO: Building PKG (CArchive) WrapLab.pkg completed successfully.
23496 INFO: Bootloader C:\hostedtoolcache\windows\Python\3.12.10\x64\Lib\site-packages\PyInstaller\bootloader\Windows-64bit-intel\runw.exe
23496 INFO: checking EXE
23496 INFO: Building EXE because EXE-00.toc is non existent
23496 INFO: Building EXE from EXE-00.toc
23496 INFO: Copying bootloader EXE to D:\a\wraplab\wraplab\artifacts\releases\Windows\build\WrapLab\WrapLab.exe
23504 INFO: Copying icon to EXE
23506 INFO: Copying version information to EXE
23522 INFO: Copying 0 resources to EXE
23522 INFO: Embedding manifest in EXE
23524 INFO: Appending PKG archive to EXE
23528 INFO: Fixing EXE headers
23604 INFO: Building EXE from EXE-00.toc completed successfully.
23607 INFO: checking COLLECT
23607 INFO: Building COLLECT because COLLECT-00.toc is non existent
23607 INFO: Building COLLECT COLLECT-00.toc
24103 INFO: Building COLLECT COLLECT-00.toc completed successfully.
24108 INFO: Build complete! The results are available in: D:\a\wraplab\wraplab\artifacts\releases\Windows\dist
Created 14 SVG specimens in D:\a\wraplab\wraplab\artifacts\releases\Windows\source-acceptance
Portable artifact: D:\a\wraplab\wraplab\artifacts\releases\Windows\WrapLab-0.1.0-Windows-x64-onedir-diagnostic.zip
