172 INFO: PyInstaller: 6.12.0, contrib hooks: 2025.2
172 INFO: Python: 3.12.10
196 INFO: Platform: Windows-2025Server-10.0.26100-SP0
196 INFO: Python environment: C:\hostedtoolcache\windows\Python\3.12.10\x64
197 INFO: wrote D:\a\wraplab\wraplab\artifacts\releases\Windows\packaging\WrapLab.spec
200 INFO: Removing temporary files and cleaning cache in D:\a\wraplab\wraplab\artifacts\releases\Windows\pyinstaller-cache\pyinstaller
201 INFO: Module search paths (PYTHONPATH):
['D:\\a\\wraplab\\wraplab',
 'C:\\hostedtoolcache\\windows\\Python\\3.12.10\\x64\\python312.zip',
 'C:\\hostedtoolcache\\windows\\Python\\3.12.10\\x64\\DLLs',
 'C:\\hostedtoolcache\\windows\\Python\\3.12.10\\x64\\Lib',
 'C:\\hostedtoolcache\\windows\\Python\\3.12.10\\x64',
 'C:\\hostedtoolcache\\windows\\Python\\3.12.10\\x64\\Lib\\site-packages',
 'D:\\a\\wraplab\\wraplab\\src',
 'D:\\a\\wraplab\\wraplab\\scripts',
 'D:\\a\\wraplab\\wraplab\\src']
517 INFO: Appending 'datas' from .spec
517 INFO: checking Analysis
517 INFO: Building Analysis because Analysis-00.toc is non existent
517 INFO: Running Analysis Analysis-00.toc
517 INFO: Target bytecode optimization level: 0
517 INFO: Initializing module dependency graph...
517 INFO: Initializing module graph hook caches...
533 INFO: Analyzing modules for base_library.zip ...
1735 INFO: Processing standard module hook 'hook-encodings.py' from 'C:\\hostedtoolcache\\windows\\Python\\3.12.10\\x64\\Lib\\site-packages\\PyInstaller\\hooks'
3244 INFO: Processing standard module hook 'hook-pickle.py' from 'C:\\hostedtoolcache\\windows\\Python\\3.12.10\\x64\\Lib\\site-packages\\PyInstaller\\hooks'
4374 INFO: Processing standard module hook 'hook-heapq.py' from 'C:\\hostedtoolcache\\windows\\Python\\3.12.10\\x64\\Lib\\site-packages\\PyInstaller\\hooks'
4886 INFO: Caching module dependency graph...
4923 INFO: Looking for Python shared library...
4950 INFO: Using Python shared library: C:\hostedtoolcache\windows\Python\3.12.10\x64\python312.dll
4950 INFO: Analyzing D:\a\wraplab\wraplab\scripts\entrypoint.py
5028 INFO: Processing standard module hook 'hook-platform.py' from 'C:\\hostedtoolcache\\windows\\Python\\3.12.10\\x64\\Lib\\site-packages\\PyInstaller\\hooks'
5078 INFO: Processing standard module hook 'hook-xml.py' from 'C:\\hostedtoolcache\\windows\\Python\\3.12.10\\x64\\Lib\\site-packages\\PyInstaller\\hooks'
5097 INFO: Processing standard module hook 'hook-xml.etree.cElementTree.py' from 'C:\\hostedtoolcache\\windows\\Python\\3.12.10\\x64\\Lib\\site-packages\\PyInstaller\\hooks'
5125 INFO: Processing standard module hook 'hook-sysconfig.py' from 'C:\\hostedtoolcache\\windows\\Python\\3.12.10\\x64\\Lib\\site-packages\\PyInstaller\\hooks'
5137 INFO: Processing standard module hook 'hook-PySide6.py' from 'C:\\hostedtoolcache\\windows\\Python\\3.12.10\\x64\\Lib\\site-packages\\PyInstaller\\hooks'
5302 INFO: Processing standard module hook 'hook-shiboken6.py' from 'C:\\hostedtoolcache\\windows\\Python\\3.12.10\\x64\\Lib\\site-packages\\PyInstaller\\hooks'
5302 INFO: Processing standard module hook 'hook-PySide6.QtCore.py' from 'C:\\hostedtoolcache\\windows\\Python\\3.12.10\\x64\\Lib\\site-packages\\PyInstaller\\hooks'
5530 INFO: Processing standard module hook 'hook-PySide6.QtWidgets.py' from 'C:\\hostedtoolcache\\windows\\Python\\3.12.10\\x64\\Lib\\site-packages\\PyInstaller\\hooks'
5768 INFO: Processing standard module hook 'hook-numpy.py' from 'C:\\hostedtoolcache\\windows\\Python\\3.12.10\\x64\\Lib\\site-packages\\PyInstaller\\hooks'
7679 INFO: Processing standard module hook 'hook-difflib.py' from 'C:\\hostedtoolcache\\windows\\Python\\3.12.10\\x64\\Lib\\site-packages\\PyInstaller\\hooks'
7914 INFO: Processing standard module hook 'hook-multiprocessing.util.py' from 'C:\\hostedtoolcache\\windows\\Python\\3.12.10\\x64\\Lib\\site-packages\\PyInstaller\\hooks'
9917 INFO: Processing standard module hook 'hook-scipy.py' from 'C:\\hostedtoolcache\\windows\\Python\\3.12.10\\x64\\Lib\\site-packages\\PyInstaller\\hooks'
10481 INFO: Processing standard module hook 'hook-scipy.special._ufuncs.py' from 'C:\\hostedtoolcache\\windows\\Python\\3.12.10\\x64\\Lib\\site-packages\\PyInstaller\\hooks'
11084 INFO: Processing standard module hook 'hook-scipy.linalg.py' from 'C:\\hostedtoolcache\\windows\\Python\\3.12.10\\x64\\Lib\\site-packages\\PyInstaller\\hooks'
12717 INFO: Processing standard module hook 'hook-scipy.sparse.csgraph.py' from 'C:\\hostedtoolcache\\windows\\Python\\3.12.10\\x64\\Lib\\site-packages\\PyInstaller\\hooks'
13020 INFO: Processing standard module hook 'hook-scipy.spatial.transform.rotation.py' from 'C:\\hostedtoolcache\\windows\\Python\\3.12.10\\x64\\Lib\\site-packages\\PyInstaller\\hooks'
13496 INFO: Processing standard module hook 'hook-scipy.stats._stats.py' from 'C:\\hostedtoolcache\\windows\\Python\\3.12.10\\x64\\Lib\\site-packages\\PyInstaller\\hooks'
15029 INFO: Processing standard module hook 'hook-scipy.special._ellip_harm_2.py' from 'C:\\hostedtoolcache\\windows\\Python\\3.12.10\\x64\\Lib\\site-packages\\PyInstaller\\hooks'
15579 INFO: Processing standard module hook 'hook-PySide6.QtGui.py' from 'D:\\a\\wraplab\\wraplab\\packaging\\hooks'
16058 INFO: Processing standard module hook 'hook-xml.dom.domreg.py' from 'C:\\hostedtoolcache\\windows\\Python\\3.12.10\\x64\\Lib\\site-packages\\PyInstaller\\hooks'
16711 INFO: Processing standard module hook 'hook-shapely.py' from 'C:\\hostedtoolcache\\windows\\Python\\3.12.10\\x64\\Lib\\site-packages\\_pyinstaller_hooks_contrib\\stdhooks'
16916 INFO: Processing standard module hook 'hook-PySide6.QtSvg.py' from 'C:\\hostedtoolcache\\windows\\Python\\3.12.10\\x64\\Lib\\site-packages\\PyInstaller\\hooks'
17075 INFO: Processing standard module hook 'hook-PySide6.QtSvgWidgets.py' from 'C:\\hostedtoolcache\\windows\\Python\\3.12.10\\x64\\Lib\\site-packages\\PyInstaller\\hooks'
17238 INFO: Processing module hooks (post-graph stage)...
17291 WARNING: Hidden import "scipy.special._cdflib" not found!
17301 INFO: Performing binary vs. data reclassification (126 entries)
17326 INFO: Looking for ctypes DLLs
17427 INFO: Analyzing run-time hooks ...
17433 INFO: Including run-time hook 'pyi_rth_inspect.py' from 'C:\\hostedtoolcache\\windows\\Python\\3.12.10\\x64\\Lib\\site-packages\\PyInstaller\\hooks\\rthooks'
17435 INFO: Including run-time hook 'pyi_rth_pyside6.py' from 'C:\\hostedtoolcache\\windows\\Python\\3.12.10\\x64\\Lib\\site-packages\\PyInstaller\\hooks\\rthooks'
17437 INFO: Processing pre-find-module-path hook 'hook-_pyi_rth_utils.py' from 'C:\\hostedtoolcache\\windows\\Python\\3.12.10\\x64\\Lib\\site-packages\\PyInstaller\\hooks\\pre_find_module_path'
17439 INFO: Processing standard module hook 'hook-_pyi_rth_utils.py' from 'C:\\hostedtoolcache\\windows\\Python\\3.12.10\\x64\\Lib\\site-packages\\PyInstaller\\hooks'
17441 INFO: Including run-time hook 'pyi_rth_pkgutil.py' from 'C:\\hostedtoolcache\\windows\\Python\\3.12.10\\x64\\Lib\\site-packages\\PyInstaller\\hooks\\rthooks'
17443 INFO: Including run-time hook 'pyi_rth_multiprocessing.py' from 'C:\\hostedtoolcache\\windows\\Python\\3.12.10\\x64\\Lib\\site-packages\\PyInstaller\\hooks\\rthooks'
17461 INFO: Creating base_library.zip...
17539 INFO: Looking for dynamic libraries
18512 INFO: Extra DLL search directories (AddDllDirectory): ['C:\\hostedtoolcache\\windows\\Python\\3.12.10\\x64\\Lib\\site-packages\\shiboken6', 'C:\\hostedtoolcache\\windows\\Python\\3.12.10\\x64\\Lib\\site-packages\\numpy.libs', 'C:\\hostedtoolcache\\windows\\Python\\3.12.10\\x64\\Lib\\site-packages\\scipy.libs', 'C:\\hostedtoolcache\\windows\\Python\\3.12.10\\x64\\Lib\\site-packages\\shapely.libs']
18512 INFO: Extra DLL search directories (PATH): ['C:\\hostedtoolcache\\windows\\Python\\3.12.10\\x64\\Lib\\site-packages\\PySide6']
21430 WARNING: Library not found: could not resolve 'api-ms-win-core-path-l1-1-0.dll', dependency of 'C:\\hostedtoolcache\\windows\\Python\\3.12.10\\x64\\python312.dll'.
21430 WARNING: Library not found: could not resolve 'api-ms-win-core-winrt-l1-1-0.dll', dependency of 'C:\\hostedtoolcache\\windows\\Python\\3.12.10\\x64\\Lib\\site-packages\\PySide6\\plugins\\platforms\\qdirect2d.dll'.
21431 WARNING: Library not found: could not resolve 'api-ms-win-shcore-scaling-l1-1-1.dll', dependency of 'C:\\hostedtoolcache\\windows\\Python\\3.12.10\\x64\\Lib\\site-packages\\PySide6\\plugins\\platforms\\qdirect2d.dll'.
21431 WARNING: Library not found: could not resolve 'api-ms-win-core-winrt-string-l1-1-0.dll', dependency of 'C:\\hostedtoolcache\\windows\\Python\\3.12.10\\x64\\Lib\\site-packages\\PySide6\\plugins\\platforms\\qdirect2d.dll'.
21431 WARNING: Library not found: could not resolve 'api-ms-win-core-winrt-l1-1-0.dll', dependency of 'C:\\hostedtoolcache\\windows\\Python\\3.12.10\\x64\\Lib\\site-packages\\PySide6\\plugins\\platforms\\qwindows.dll'.
21432 WARNING: Library not found: could not resolve 'api-ms-win-shcore-scaling-l1-1-1.dll', dependency of 'C:\\hostedtoolcache\\windows\\Python\\3.12.10\\x64\\Lib\\site-packages\\PySide6\\plugins\\platforms\\qwindows.dll'.
21432 WARNING: Library not found: could not resolve 'api-ms-win-core-winrt-string-l1-1-0.dll', dependency of 'C:\\hostedtoolcache\\windows\\Python\\3.12.10\\x64\\Lib\\site-packages\\PySide6\\plugins\\platforms\\qwindows.dll'.
21456 INFO: Warnings written to D:\a\wraplab\wraplab\artifacts\releases\Windows\build\WrapLab\warn-WrapLab.txt
21543 INFO: Graph cross-reference written to D:\a\wraplab\wraplab\artifacts\releases\Windows\build\WrapLab\xref-WrapLab.html
21578 INFO: checking PYZ
21578 INFO: Building PYZ because PYZ-00.toc is non existent
21578 INFO: Building PYZ (ZlibArchive) D:\a\wraplab\wraplab\artifacts\releases\Windows\build\WrapLab\PYZ-00.pyz
23024 INFO: Building PYZ (ZlibArchive) D:\a\wraplab\wraplab\artifacts\releases\Windows\build\WrapLab\PYZ-00.pyz completed successfully.
23060 INFO: checking PKG
23060 INFO: Building PKG because PKG-00.toc is non existent
23060 INFO: Building PKG (CArchive) WrapLab.pkg
23079 INFO: Building PKG (CArchive) WrapLab.pkg completed successfully.
23079 INFO: Bootloader C:\hostedtoolcache\windows\Python\3.12.10\x64\Lib\site-packages\PyInstaller\bootloader\Windows-64bit-intel\runw.exe
23079 INFO: checking EXE
23079 INFO: Building EXE because EXE-00.toc is non existent
23079 INFO: Building EXE from EXE-00.toc
23079 INFO: Copying bootloader EXE to D:\a\wraplab\wraplab\artifacts\releases\Windows\build\WrapLab\WrapLab.exe
23081 INFO: Copying icon to EXE
23083 INFO: Copying version information to EXE
23087 INFO: Copying 0 resources to EXE
23087 INFO: Embedding manifest in EXE
23089 INFO: Appending PKG archive to EXE
23094 INFO: Fixing EXE headers
23176 INFO: Building EXE from EXE-00.toc completed successfully.
23206 INFO: checking COLLECT
23206 INFO: Building COLLECT because COLLECT-00.toc is non existent
23208 INFO: Building COLLECT COLLECT-00.toc
23515 INFO: Building COLLECT COLLECT-00.toc completed successfully.
23522 INFO: Build complete! The results are available in: D:\a\wraplab\wraplab\artifacts\releases\Windows\dist
Created 14 SVG specimens in D:\a\wraplab\wraplab\artifacts\releases\Windows\source-acceptance
Portable artifact: D:\a\wraplab\wraplab\artifacts\releases\Windows\WrapLab-0.1.0-Windows-x64-onedir-diagnostic.zip
